#-----------------------------------------------------------
# Vivado v2017.4 (64-bit)
# SW Build 2086221 on Fri Dec 15 20:55:39 MST 2017
# IP Build 2085800 on Fri Dec 15 22:25:07 MST 2017
# Start of session at: Fri Nov 16 09:16:11 2018
# Process ID: 4308
# Current directory: C:/Users/hammi/Documents/BitBucket/SchoolFPGA/Four_Bit_Adder
# Command line: vivado.exe -gui_launcher_event rodinguilauncherevent30812 C:\Users\hammi\Documents\BitBucket\SchoolFPGA\Four_Bit_Adder\Four_Bit_Adder.xpr
# Log file: C:/Users/hammi/Documents/BitBucket/SchoolFPGA/Four_Bit_Adder/vivado.log
# Journal file: C:/Users/hammi/Documents/BitBucket/SchoolFPGA/Four_Bit_Adder\vivado.jou
#-----------------------------------------------------------
start_gui
open_project C:/Users/hammi/Documents/BitBucket/SchoolFPGA/Four_Bit_Adder/Four_Bit_Adder.xpr
update_compile_order -fileset sources_1
open_hw
connect_hw_server -url localhost:3121
current_hw_target [get_hw_targets */xilinx_tcf/Digilent/210183A38758A]
set_property PARAM.FREQUENCY 15000000 [get_hw_targets */xilinx_tcf/Digilent/210183A38758A]
open_hw_target
current_hw_device [get_hw_devices xc7a35t_0]
refresh_hw_device -update_hw_probes false [lindex [get_hw_devices xc7a35t_0] 0]
launch_runs impl_1 -to_step write_bitstream -jobs 2
wait_on_run impl_1
open_run impl_1
set_property PROBES.FILE {} [get_hw_devices xc7a35t_0]
set_property FULL_PROBES.FILE {} [get_hw_devices xc7a35t_0]
set_property PROGRAM.FILE {C:/Users/hammi/Documents/BitBucket/SchoolFPGA/Four_Bit_Adder/Four_Bit_Adder.runs/impl_1/FourBitAdder.bit} [get_hw_devices xc7a35t_0]
program_hw_devices [get_hw_devices xc7a35t_0]
refresh_hw_device [lindex [get_hw_devices xc7a35t_0] 0]
open_project C:/Users/hammi/Documents/BitBucket/SchoolFPGA/BCDCounter/BCDCounter.xpr
current_project Four_Bit_Adder
close_project
close_project
open_project C:/Users/hammi/Documents/BitBucket/SchoolFPGA/Four_Bit_Adder/Four_Bit_Adder.xpr
open_hw
update_compile_order -fileset sources_1
connect_hw_server -url localhost:3121
current_hw_target [get_hw_targets */xilinx_tcf/Digilent/210183A38758A]
set_property PARAM.FREQUENCY 15000000 [get_hw_targets */xilinx_tcf/Digilent/210183A38758A]
open_hw_target
set_property PROGRAM.FILE {C:/Users/hammi/Documents/BitBucket/SchoolFPGA/Four_Bit_Adder/Four_Bit_Adder.runs/impl_1/FourBitAdder.bit} [get_hw_devices xc7a35t_0]
current_hw_device [get_hw_devices xc7a35t_0]
refresh_hw_device -update_hw_probes false [lindex [get_hw_devices xc7a35t_0] 0]
set_property PROBES.FILE {} [get_hw_devices xc7a35t_0]
set_property FULL_PROBES.FILE {} [get_hw_devices xc7a35t_0]
set_property PROGRAM.FILE {C:/Users/hammi/Documents/BitBucket/SchoolFPGA/Four_Bit_Adder/Four_Bit_Adder.runs/impl_1/FourBitAdder.bit} [get_hw_devices xc7a35t_0]
program_hw_devices [get_hw_devices xc7a35t_0]
refresh_hw_device [lindex [get_hw_devices xc7a35t_0] 0]
close_project
create_project BCD_Adder C:/Users/hammi/Documents/BitBucket/SchoolFPGA/BCD_Adder -part xc7a35tcpg236-1
set_property board_part digilentinc.com:basys3:part0:1.1 [current_project]
file mkdir C:/Users/hammi/Documents/BitBucket/SchoolFPGA/BCD_Adder/BCD_Adder.srcs/sources_1/new
close [ open C:/Users/hammi/Documents/BitBucket/SchoolFPGA/BCD_Adder/BCD_Adder.srcs/sources_1/new/Adder.vhd w ]
add_files C:/Users/hammi/Documents/BitBucket/SchoolFPGA/BCD_Adder/BCD_Adder.srcs/sources_1/new/Adder.vhd
update_compile_order -fileset sources_1
close [ open C:/Users/hammi/Documents/BitBucket/SchoolFPGA/BCD_Adder/BCD_Adder.srcs/sources_1/new/BinToBCD.vhd w ]
add_files C:/Users/hammi/Documents/BitBucket/SchoolFPGA/BCD_Adder/BCD_Adder.srcs/sources_1/new/BinToBCD.vhd
update_compile_order -fileset sources_1
