Copyright 1986-2017 Xilinx, Inc. All Rights Reserved.
------------------------------------------------------------------------------------------------------------------------------
| Tool Version : Vivado v.2017.4 (win64) Build 2086221 Fri Dec 15 20:55:39 MST 2017
| Date         : Thu Nov  8 18:02:41 2018
| Host         : DESKTOP-Q23M08U running 64-bit major release  (build 9200)
| Command      : report_drc -file FourBitAdder_drc_routed.rpt -pb FourBitAdder_drc_routed.pb -rpx FourBitAdder_drc_routed.rpx
| Design       : FourBitAdder
| Device       : xc7a35tcpg236-1
| Speed File   : -1
| Design State : Routed
------------------------------------------------------------------------------------------------------------------------------

Report DRC

Table of Contents
-----------------
1. REPORT SUMMARY
2. REPORT DETAILS

1. REPORT SUMMARY
-----------------
            Netlist: netlist
          Floorplan: design_1
      Design limits: <entire design considered>
           Ruledeck: default
             Max violations: <unlimited>
             Violations found: 1
+---------+------------------+--------------------------+------------+
| Rule    | Severity         | Description              | Violations |
+---------+------------------+--------------------------+------------+
| LUTLP-1 | Critical Warning | Combinatorial Loop Alert | 1          |
+---------+------------------+--------------------------+------------+

2. REPORT DETAILS
-----------------
LUTLP-1#1 Critical Warning
Combinatorial Loop Alert  
1 LUT cells form a combinatorial loop. This can create a race condition. Timing analysis may not be accurate. The preferred resolution is to modify the design to remove combinatorial logic loops. If the loop is known and understood, this DRC can be bypassed by acknowledging the condition and setting the following XDC constraint on any one of the nets in the loop: 'set_property ALLOW_COMBINATORIAL_LOOPS TRUE [get_nets <myHier/myNet>]'. One net in the loop is Cout. Please evaluate your design. The cells in the loop are: b0_OBUF_inst_i_2.
Related violations: <none>


