#-----------------------------------------------------------
# Vivado v2017.4 (64-bit)
# SW Build 2086221 on Fri Dec 15 20:55:39 MST 2017
# IP Build 2085800 on Fri Dec 15 22:25:07 MST 2017
# Start of session at: Wed Nov 21 23:56:33 2018
# Process ID: 13916
# Current directory: C:/Users/hammi/OneDrive/Documenten/bitbucket/SchoolFPGA/BCD_Adder
# Command line: vivado.exe -gui_launcher_event rodinguilauncherevent13940 C:\Users\hammi\OneDrive\Documenten\bitbucket\SchoolFPGA\BCD_Adder\BCD_Adder.xpr
# Log file: C:/Users/hammi/OneDrive/Documenten/bitbucket/SchoolFPGA/BCD_Adder/vivado.log
# Journal file: C:/Users/hammi/OneDrive/Documenten/bitbucket/SchoolFPGA/BCD_Adder\vivado.jou
#-----------------------------------------------------------
start_gui
open_project C:/Users/hammi/OneDrive/Documenten/bitbucket/SchoolFPGA/BCD_Adder/BCD_Adder.xpr
update_compile_order -fileset sources_1
reset_run synth_1
launch_runs impl_1 -jobs 6
wait_on_run impl_1
reset_run synth_1
launch_runs impl_1 -jobs 6
wait_on_run impl_1
close [ open C:/Users/hammi/OneDrive/Documenten/bitbucket/SchoolFPGA/BCD_Adder/BCD_Adder.srcs/sources_1/new/ToSeg.vhd w ]
add_files C:/Users/hammi/OneDrive/Documenten/bitbucket/SchoolFPGA/BCD_Adder/BCD_Adder.srcs/sources_1/new/ToSeg.vhd
update_compile_order -fileset sources_1
update_compile_order -fileset sources_1
update_compile_order -fileset sources_1
reset_run synth_1
launch_runs impl_1 -jobs 6
wait_on_run impl_1
reset_run synth_1
launch_runs impl_1 -jobs 6
wait_on_run impl_1
reset_run synth_1
launch_runs impl_1 -jobs 12
wait_on_run impl_1
launch_runs impl_1 -to_step write_bitstream -jobs 12
wait_on_run impl_1
synth_design -rtl -name rtl_1
reset_run synth_1
launch_runs impl_1 -jobs 12
wait_on_run impl_1
reset_run synth_1
launch_runs impl_1 -jobs 12
wait_on_run impl_1
launch_runs impl_1 -to_step write_bitstream -jobs 12
wait_on_run impl_1
